// Jest Snapshot v1, https://goo.gl/fbAQLP

exports[`pruebas en AppRouter debe de mostrarse correctamente 1`] = `
<div>
  <nav
    className="navbar navbar-expand-sm navbar-dark bg-dark"
  >
    <div
      className="container-fluid"
    >
      <a
        aria-current="page"
        className="nav-link navData => navData.isActive && 'active' active"
        href="/"
        onClick={[Function]}
      >
        UseContext
      </a>
      <div
        className="collapse navbar-collapse"
        id="navbarNavAltMarkup"
      >
        <div
          className="navbar-nav"
        >
          <a
            className="nav-link navData => navData.isActive && 'active'"
            href="/home"
            onClick={[Function]}
          >
            Home
          </a>
          <a
            className="nav-link navData => navData.isActive && 'active'"
            href="/about"
            onClick={[Function]}
          >
            Aboout
          </a>
          <a
            className="nav-link navData => navData.isActive && 'active'"
            href="/login"
            onClick={[Function]}
          >
            Login
          </a>
        </div>
      </div>
    </div>
  </nav>
  <div
    className="container"
  >
    <div>
      <h1>
        HomeScreen
      </h1>
      <hr />
      <pre>
        {
   "id": 1,
   "name": "Andres"
}
      </pre>
    </div>
  </div>
</div>
`;
