// Jest Snapshot v1, https://goo.gl/fbAQLP

exports[`pruebas con HomeScreen debe mostrarse coorrectamente 1`] = `
Array [
  <div>
    <h1>
      HomeScreen
    </h1>
    <hr />
    <pre>
      {
   "name": "Andres",
   "email": "andres@gmail.com"
}
    </pre>
  </div>,
  ";",
]
`;
